// Jest Snapshot v1, https://goo.gl/fbAQLP

exports[`<App /> spec Should not regress 1`] = `
Object {
  "asFragment": [Function],
  "baseElement": <body>
    <div>
      <div
        class="sc-AxjAm dUWJPr"
      >
        <header
          class="MuiPaper-root MuiAppBar-root MuiAppBar-positionStatic MuiAppBar-colorPrimary MuiPaper-elevation4"
          data-testid="header"
        >
          <div
            class="MuiToolbar-root MuiToolbar-regular MuiToolbar-gutters"
          >
            <h6
              class="MuiTypography-root makeStyles-title-2 MuiTypography-h6"
            >
              Eventastic
            </h6>
            <button
              class="MuiButtonBase-root MuiButton-root MuiButton-outlined makeStyles-signInButton-3 MuiButton-outlinedSizeLarge MuiButton-sizeLarge"
              tabindex="0"
              type="button"
            >
              <span
                class="MuiButton-label"
              >
                <span
                  class="MuiButton-startIcon MuiButton-iconSizeLarge"
                >
                  <svg
                    aria-hidden="true"
                    class="MuiSvgIcon-root"
                    focusable="false"
                    viewBox="0 0 24 24"
                  >
                    <path
                      d="M12 2C6.48 2 2 6.48 2 12s4.48 10 10 10 10-4.48 10-10S17.52 2 12 2zm0 3c1.66 0 3 1.34 3 3s-1.34 3-3 3-3-1.34-3-3 1.34-3 3-3zm0 14.2c-2.5 0-4.71-1.28-6-3.22.03-1.99 4-3.08 6-3.08 1.99 0 5.97 1.09 6 3.08-1.29 1.94-3.5 3.22-6 3.22z"
                    />
                  </svg>
                </span>
                Sign in
              </span>
              <span
                class="MuiTouchRipple-root"
              />
            </button>
          </div>
        </header>
        <main
          data-testid="main-content"
        >
          
        </main>
      </div>
    </div>
  </body>,
  "container": <div>
    <div
      class="sc-AxjAm dUWJPr"
    >
      <header
        class="MuiPaper-root MuiAppBar-root MuiAppBar-positionStatic MuiAppBar-colorPrimary MuiPaper-elevation4"
        data-testid="header"
      >
        <div
          class="MuiToolbar-root MuiToolbar-regular MuiToolbar-gutters"
        >
          <h6
            class="MuiTypography-root makeStyles-title-2 MuiTypography-h6"
          >
            Eventastic
          </h6>
          <button
            class="MuiButtonBase-root MuiButton-root MuiButton-outlined makeStyles-signInButton-3 MuiButton-outlinedSizeLarge MuiButton-sizeLarge"
            tabindex="0"
            type="button"
          >
            <span
              class="MuiButton-label"
            >
              <span
                class="MuiButton-startIcon MuiButton-iconSizeLarge"
              >
                <svg
                  aria-hidden="true"
                  class="MuiSvgIcon-root"
                  focusable="false"
                  viewBox="0 0 24 24"
                >
                  <path
                    d="M12 2C6.48 2 2 6.48 2 12s4.48 10 10 10 10-4.48 10-10S17.52 2 12 2zm0 3c1.66 0 3 1.34 3 3s-1.34 3-3 3-3-1.34-3-3 1.34-3 3-3zm0 14.2c-2.5 0-4.71-1.28-6-3.22.03-1.99 4-3.08 6-3.08 1.99 0 5.97 1.09 6 3.08-1.29 1.94-3.5 3.22-6 3.22z"
                  />
                </svg>
              </span>
              Sign in
            </span>
            <span
              class="MuiTouchRipple-root"
            />
          </button>
        </div>
      </header>
      <main
        data-testid="main-content"
      >
        
      </main>
    </div>
  </div>,
  "debug": [Function],
  "findAllByAltText": [Function],
  "findAllByDisplayValue": [Function],
  "findAllByLabelText": [Function],
  "findAllByPlaceholderText": [Function],
  "findAllByRole": [Function],
  "findAllByTestId": [Function],
  "findAllByText": [Function],
  "findAllByTitle": [Function],
  "findByAltText": [Function],
  "findByDisplayValue": [Function],
  "findByLabelText": [Function],
  "findByPlaceholderText": [Function],
  "findByRole": [Function],
  "findByTestId": [Function],
  "findByText": [Function],
  "findByTitle": [Function],
  "getAllByAltText": [Function],
  "getAllByDisplayValue": [Function],
  "getAllByLabelText": [Function],
  "getAllByPlaceholderText": [Function],
  "getAllByRole": [Function],
  "getAllByTestId": [Function],
  "getAllByText": [Function],
  "getAllByTitle": [Function],
  "getByAltText": [Function],
  "getByDisplayValue": [Function],
  "getByLabelText": [Function],
  "getByPlaceholderText": [Function],
  "getByRole": [Function],
  "getByTestId": [Function],
  "getByText": [Function],
  "getByTitle": [Function],
  "queryAllByAltText": [Function],
  "queryAllByDisplayValue": [Function],
  "queryAllByLabelText": [Function],
  "queryAllByPlaceholderText": [Function],
  "queryAllByRole": [Function],
  "queryAllByTestId": [Function],
  "queryAllByText": [Function],
  "queryAllByTitle": [Function],
  "queryByAltText": [Function],
  "queryByDisplayValue": [Function],
  "queryByLabelText": [Function],
  "queryByPlaceholderText": [Function],
  "queryByRole": [Function],
  "queryByTestId": [Function],
  "queryByText": [Function],
  "queryByTitle": [Function],
  "rerender": [Function],
  "unmount": [Function],
}
`;
